C51 COMPILER V9.59.0.0   MAIN                                                              06/16/2019 15:27:12 PAGE 1   


C51 COMPILER V9.59.0.0, COMPILATION OF MODULE MAIN
OBJECT MODULE PLACED IN main.OBJ
COMPILER INVOKED BY: D:\Program Files (x86)\Keil\C51\BIN\C51.EXE main.c OPTIMIZE(8,SPEED) BROWSE DEBUG OBJECTEXTEND TABS
                    -(2)

line level    source

   1          /******************** (C) COPRIGHT 2019 Crownto electronic **************************
   2           * 文件名  ：main.c
   3           * 描述    ：        
   4           * 硬件连接：
   5           * ADC0809:OE -> P1.0; EOC -> P1.1; ST -> P1.2;CLK -> P1.3; A -> P1.4; B -> P1.5; C->P1.6;
   6           *         OUT1~OUT8 -> P3口
   7           * LCD1602:RS -> P0.0; RW -> P0.1; E -> P0.2;
   8           *         D0~D7 -> P2口
   9           * TDS传感器模块: VCC -> 5V; GND -> GND; AO -> IN3;
  10           *
  11           * 实验平台：
  12           *
  13           * 作者    ：冠拓电子
  14           * 淘宝    ：https://shop376667309.taobao.com
  15           * 网址    ：www.crownto.cn
  16          **********************************************************************************/
  17          #include <reg52.h>
  18          #include <adc0809.h>
  19          #include <1602.h>
  20          #include <intrins.h>
  21          #include <math.h>
  22          unsigned char disbuff[5]={0};
  23          uint num;
  24          float PH_V ,PH;
  25          float TDS=0.0,TDS_voltage;
  26          float TDS_value=0.0,voltage_value;
  27          float temp_data=25.0;
  28          float compensationCoefficient=1.0;//温度校准系数
  29          float compensationVolatge;
  30          float kValue=1.0;
  31          /**************延时1s函数***************/
  32          void Delay_1s()
  33          {
  34   1           unsigned char a,b,c;
  35   1          for(c=167;c>0;c--)
  36   1              for(b=171;b>0;b--)
  37   1                  for(a=16;a>0;a--);
  38   1      }
  39          
  40          /**************TDS值采集函数***************/
  41          void TDS_Value_Conversion()
  42          {
  43   1        Red_0809 () ;
  44   1        TDS_voltage=(num*5.0)/256;
  45   1        compensationCoefficient=1.0+0.02*((temp_data)-25.0); 
  46   1        compensationVolatge=TDS_voltage/compensationCoefficient;
  47   1        TDS_value=(133.42*compensationVolatge*compensationVolatge*compensationVolatge - 
  48   1        255.86*compensationVolatge*compensationVolatge + 857.39*compensationVolatge)*0.5*kValue;
  49   1        
  50   1          if((TDS_value<=0)){TDS_value=0;}
  51   1          if((TDS_value>1400)){TDS_value=1400;}
  52   1          
  53   1          /*显示TDS*/
  54   1          disbuff[0]=(int)(TDS_value)/1000+'0';
C51 COMPILER V9.59.0.0   MAIN                                                              06/16/2019 15:27:12 PAGE 2   

  55   1          disbuff[1]=(int)(TDS_value)%1000/100+'0'; 
  56   1          disbuff[2]=(int)(TDS_value)%100/10+'0';
  57   1          disbuff[3]=(int)(TDS_value)%10+'0';
  58   1          
  59   1          DisplaySingleChar(0x4,1,disbuff[0]);
  60   1          DisplaySingleChar(0x5,1,disbuff[1]);
  61   1          DisplaySingleChar(0x6,1,disbuff[2]);
  62   1          DisplaySingleChar(0x7,1,disbuff[3]);
  63   1      }
  64          
  65          /**************主函数***************/
  66          void main()
  67          {   
  68   1        TMOD = 0x02; //中断初始化，adc0809产生时钟信号
  69   1        TH0  = 0x14;
  70   1        TL0  = 0x00;
  71   1        IE   = 0x82;
  72   1        TR0  = 1;
  73   1        P1   = 0x3f;
  74   1        LCDInit();   //LCD初始化
  75   1        DisplayString(0x0,0,"  Welcome  TDS  ");
  76   1        DisplayString(0x0,1,"Detection system");
  77   1        Delay_1s();
  78   1        WriteCmd(LCD_CLS);     //清屏
  79   1        
  80   1        DisplaySingleChar(0x0,1,'T');
  81   1        DisplaySingleChar(0x1,1,'D');
  82   1        DisplaySingleChar(0x2,1,'S');
  83   1        DisplaySingleChar(0x3,1,'=');
  84   1        
  85   1        while(1)
  86   1        {
  87   2          TDS_Value_Conversion();
  88   2        }
  89   1      }
  90          
  91          void Timer0_INT() interrupt 1
  92          {
  93   1        CLK = !CLK;
  94   1      }


MODULE INFORMATION:   STATIC OVERLAYABLE
   CODE SIZE        =    619    ----
   CONSTANT SIZE    =     34    ----
   XDATA SIZE       =   ----    ----
   PDATA SIZE       =   ----    ----
   DATA SIZE        =     47    ----
   IDATA SIZE       =   ----    ----
   BIT SIZE         =   ----    ----
END OF MODULE INFORMATION.


C51 COMPILATION COMPLETE.  0 WARNING(S),  0 ERROR(S)
