<html>
<body>
<pre>
<h1>礦ision Build Log</h1>
<h2>Tool Versions:</h2>
IDE-Version: μVision V5.26.2.0
Copyright (C) 2018 ARM Ltd and ARM Germany GmbH. All rights reserved.
License Information: dell dell, dell, LIC=ATTJJ-U9XH5-DXBU3-AILBB-8KHDK-C7BBH
 
Tool Versions:
Toolchain:       MDK-ARM Plus  Version: 5.26.2.0
Toolchain Path:  D:\Program Files (x86)\Keil\ARM\ARMCC\Bin
C Compiler:      Armcc.exe V5.06 update 6 (build 750)
Assembler:       Armasm.exe V5.06 update 6 (build 750)
Linker/Locator:  ArmLink.exe V5.06 update 6 (build 750)
Library Manager: ArmAr.exe V5.06 update 6 (build 750)
Hex Converter:   FromElf.exe V5.06 update 6 (build 750)
CPU DLL:         SARMCM3.DLL V5.26.2.0
Dialog DLL:      DCM.DLL V1.17.2.0
Target DLL:      Segger\JL2CM3.dll V2.99.31.0
Dialog DLL:      TCM.DLL V1.36.1.0
 
<h2>Project:</h2>
E:\淘宝店铺\冠拓电子传感器模块自营店\2.店铺产品\03.模拟TDS传感器模块\【冠拓电子】模拟TDS传感器模块资料\配套测试例程\STM32\stm32+AD7705-1602显示\Project\RVMDK（uv5）\BH-F103.uvprojx
Project File Date:  06/16/2019

<h2>Output:</h2>
*** Using Compiler 'V5.06 update 6 (build 750)', folder: 'D:\Program Files (x86)\Keil\ARM\ARMCC\Bin'
Rebuild target 'USART'
compiling system_stm32f10x.c...
assembling startup_stm32f10x_md.s...
compiling misc.c...
compiling core_cm3.c...
compiling stm32f10x_adc.c...
compiling stm32f10x_bkp.c...
compiling stm32f10x_can.c...
compiling stm32f10x_cec.c...
compiling stm32f10x_crc.c...
compiling stm32f10x_dac.c...
compiling stm32f10x_dbgmcu.c...
compiling stm32f10x_dma.c...
compiling stm32f10x_exti.c...
compiling stm32f10x_fsmc.c...
compiling stm32f10x_gpio.c...
compiling stm32f10x_flash.c...
compiling stm32f10x_i2c.c...
compiling stm32f10x_iwdg.c...
compiling stm32f10x_pwr.c...
compiling stm32f10x_rcc.c...
compiling stm32f10x_rtc.c...
compiling stm32f10x_spi.c...
compiling stm32f10x_tim.c...
compiling stm32f10x_sdio.c...
compiling main.c...
compiling stm32f10x_usart.c...
compiling stm32f10x_wwdg.c...
compiling bsp_usart1.c...
compiling stm32f10x_it.c...
compiling AD7705.c...
compiling delay.c...
compiling driver_1602.c...
compiling ds18b20.c...
linking...
Program Size: Code=8944 RO-data=268 RW-data=104 ZI-data=1040  
FromELF: creating hex file...
"..\..\Output\USART.axf" - 0 Error(s), 0 Warning(s).

<h2>Software Packages used:</h2>

Package Vendor: Keil
                http://www.keil.com/pack/Keil.STM32F1xx_DFP.2.3.0.pack
                Keil.STM32F1xx_DFP.2.3.0
                STMicroelectronics STM32F1 Series Device Support, Drivers and Examples

<h2>Collection of Component include folders:</h2>
  .\RTE\_USART
  D:\Program Files (x86)\Keil\ARM\PACK\Keil\STM32F1xx_DFP\2.3.0\Device\Include

<h2>Collection of Component Files used:</h2>
Build Time Elapsed:  00:00:16
</pre>
</body>
</html>
